[mixdesign.club/themeforest/hintio/index-fullscreen-image.html]
[backblue.gif]
[fade.gif]
[index.html]
[mixdesign.club/themeforest/hintio/img/favicon/favicon.ico]
[mixdesign.club/themeforest/hintio/img/favicon/icon.svg]
[mixdesign.club/themeforest/hintio/img/favicon/apple-touch-icon.png]
[mixdesign.club/themeforest/hintio/img/favicon/manifest.webmanifest]
[mixdesign.club/themeforest/hintio/img/favicon/og-image.jpg]
[mixdesign.club/themeforest/hintio/css/loaders/loader.css]
[mixdesign.club/themeforest/hintio/css/plugins.css]
[mixdesign.club/themeforest/hintio/css/main.css]
[mixdesign.club/themeforest/hintio/img/hintio-logo.svg]
[mixdesign.club/themeforest/hintio/img/icons/feature-icon-1.svg]
[mixdesign.club/themeforest/hintio/img/icons/feature-icon-2.svg]
[mixdesign.club/themeforest/hintio/img/icons/feature-icon-3.svg]
[mixdesign.club/themeforest/hintio/img/icons/feature-icon-4.svg]
[mixdesign.club/themeforest/hintio/img/works/900x1200-work-1.webp]
[mixdesign.club/themeforest/hintio/img/works/900x1200-work-2.webp]
[mixdesign.club/themeforest/hintio/img/works/900x1200-work-3.webp]
[mixdesign.club/themeforest/hintio/img/works/900x1200-work-4.webp]
[mixdesign.club/themeforest/hintio/js/gallery-init.js]
[mixdesign.club/themeforest/hintio/js/libs.min.js]
[mixdesign.club/themeforest/hintio/js/custom.js]
[mixdesign.club/themeforest/hintio/js/maps/map.js]
[mixdesign.club/themeforest/hintio/index-fullscreen-image.html]
[mixdesign.club/themeforest/hintio/img/favicon/icon.svg]
[mixdesign.club/themeforest/hintio/index.html]
[mixdesign.club/themeforest/hintio/css/loaders/loader.css]
[mixdesign.club/themeforest/hintio/fonts/Fontawesome/fa-solid-900.woff2]
[mixdesign.club/themeforest/hintio/fonts/Fontawesome/fa-solid-900.ttf]
[mixdesign.club/themeforest/hintio/fonts/Fontawesome/fa-regular-400.woff2]
[mixdesign.club/themeforest/hintio/fonts/Fontawesome/fa-regular-400.ttf]
[mixdesign.club/themeforest/hintio/fonts/Fontawesome/fa-brands-400.woff2]
[mixdesign.club/themeforest/hintio/fonts/Fontawesome/fa-brands-400.ttf]
[mixdesign.club/themeforest/hintio/img/default-skin.png]
[mixdesign.club/themeforest/hintio/img/default-skin.svg]
[mixdesign.club/themeforest/hintio/css/plugins.css]
[mixdesign.club/themeforest/hintio/img/backgrounds/1200x1200-bg-main-slider-1.webp]
[mixdesign.club/themeforest/hintio/img/backgrounds/1200x1200-bg-main-slider-2.webp]
[mixdesign.club/themeforest/hintio/img/backgrounds/1200x1200-bg-main-slider-3.webp]
[mixdesign.club/themeforest/hintio/img/backgrounds/1200x1200-bg-main-slider-4.webp]
[mixdesign.club/themeforest/hintio/img/backgrounds/1200x1200-bg-main-slider-5.webp]
[mixdesign.club/themeforest/hintio/img/backgrounds/1200x1200-bg-main-2.webp]
[mixdesign.club/themeforest/hintio/img/backgrounds/1200x1200-bg-main-1.webp]
[mixdesign.club/themeforest/hintio/img/backgrounds/1200x1200-bg-main-3.webp]
[mixdesign.club/themeforest/hintio/img/backgrounds/1200x1200-bg-main-4.webp]
[mixdesign.club/themeforest/hintio/img/backgrounds/1920x1280-bg-main-1.webp]
[mixdesign.club/themeforest/hintio/img/backgrounds/1920x1280-bg-main-2.webp]
[mixdesign.club/themeforest/hintio/img/backgrounds/1200x1200-bg-about.webp]
[mixdesign.club/themeforest/hintio/img/backgrounds/800x200-side-menu.webp]
[mixdesign.club/themeforest/hintio/img/backgrounds/300x1200-side-menu.webp]
[mixdesign.club/themeforest/hintio/img/backgrounds/800x200-side-about.webp]
[mixdesign.club/themeforest/hintio/img/backgrounds/300x1200-side-about.webp]
[mixdesign.club/themeforest/hintio/img/backgrounds/800x200-side-works.webp]
[mixdesign.club/themeforest/hintio/img/backgrounds/300x1200-side-works.webp]
[mixdesign.club/themeforest/hintio/img/backgrounds/800x200-side-contact.webp]
[mixdesign.club/themeforest/hintio/img/backgrounds/300x1200-side-contact.webp]
[mixdesign.club/themeforest/hintio/fonts/Montserrat-Light/Montserrat-Lightd41d.eot]
[mixdesign.club/themeforest/hintio/fonts/Montserrat-Light/Montserrat-Light.woff2]
[mixdesign.club/themeforest/hintio/fonts/Montserrat-Light/Montserrat-Light.woff]
[mixdesign.club/themeforest/hintio/fonts/Montserrat-Light/Montserrat-Light.ttf]
[mixdesign.club/themeforest/hintio/fonts/Montserrat-Regular/Montserrat-Regulard41d.eot]
[mixdesign.club/themeforest/hintio/fonts/Montserrat-Light/Montserrat-Light.svg]
[mixdesign.club/themeforest/hintio/fonts/Montserrat-Regular/Montserrat-Regular.woff2]
[mixdesign.club/themeforest/hintio/fonts/Montserrat-Regular/Montserrat-Regular.woff]
[mixdesign.club/themeforest/hintio/fonts/Montserrat-Regular/Montserrat-Regular.ttf]
[mixdesign.club/themeforest/hintio/fonts/Montserrat-Regular/Montserrat-Regular.svg]
[mixdesign.club/themeforest/hintio/fonts/Montserrat-Medium/Montserrat-Mediumd41d.eot]
[mixdesign.club/themeforest/hintio/fonts/Montserrat-Medium/Montserrat-Medium.woff2]
[mixdesign.club/themeforest/hintio/fonts/Montserrat-Medium/Montserrat-Medium.woff]
[mixdesign.club/themeforest/hintio/fonts/Montserrat-Medium/Montserrat-Medium.ttf]
[mixdesign.club/themeforest/hintio/fonts/Montserrat-Medium/Montserrat-Medium.svg]
[mixdesign.club/themeforest/hintio/fonts/Montserrat-SemiBold/Montserrat-SemiBoldd41d.eot]
[mixdesign.club/themeforest/hintio/fonts/Montserrat-SemiBold/Montserrat-SemiBold.woff2]
[mixdesign.club/themeforest/hintio/fonts/Montserrat-SemiBold/Montserrat-SemiBold.woff]
[mixdesign.club/themeforest/hintio/fonts/Montserrat-SemiBold/Montserrat-SemiBold.ttf]
[mixdesign.club/themeforest/hintio/fonts/Montserrat-Bold/Montserrat-Boldd41d.eot]
[mixdesign.club/themeforest/hintio/fonts/Montserrat-SemiBold/Montserrat-SemiBold.svg]
[mixdesign.club/themeforest/hintio/fonts/Montserrat-Bold/Montserrat-Bold.woff2]
[mixdesign.club/themeforest/hintio/fonts/Montserrat-Bold/Montserrat-Bold.woff]
[mixdesign.club/themeforest/hintio/fonts/Montserrat-Bold/Montserrat-Bold.ttf]
[mixdesign.club/themeforest/hintio/fonts/Montserrat-Bold/Montserrat-Bold.svg]
[mixdesign.club/themeforest/hintio/fonts/Montserrat-ExtraBold/Montserrat-ExtraBoldd41d.eot]
[mixdesign.club/themeforest/hintio/fonts/Montserrat-ExtraBold/Montserrat-ExtraBold.woff2]
[mixdesign.club/themeforest/hintio/fonts/Montserrat-ExtraBold/Montserrat-ExtraBold.woff]
[mixdesign.club/themeforest/hintio/fonts/Montserrat-ExtraBold/Montserrat-ExtraBold.ttf]
[mixdesign.club/themeforest/hintio/img/icons/custom-arrow-right.svg]
[mixdesign.club/themeforest/hintio/css/main.css]
[mixdesign.club/themeforest/hintio/img/hintio-logo.svg]
[mixdesign.club/themeforest/hintio/img/icons/feature-icon-1.svg]
[mixdesign.club/themeforest/hintio/img/icons/feature-icon-2.svg]
[mixdesign.club/themeforest/hintio/img/icons/feature-icon-3.svg]
[mixdesign.club/themeforest/hintio/img/icons/feature-icon-4.svg]
[mixdesign.club/themeforest/hintio/css/overlays/02.html]
[mixdesign.club/themeforest/hintio/css/font/ytp-regular.html]
[mixdesign.club/themeforest/hintio/css/images/raster.html]
[mixdesign.club/themeforest/hintio/css/images/raster@2x.html]
[mixdesign.club/themeforest/hintio/css/images/raster_dot.html]
[mixdesign.club/themeforest/hintio/css/images/raster_dot@2x.html]
[mixdesign.club/themeforest/hintio/img/default-skin.svg]
[mixdesign.club/themeforest/hintio/img/preloader.html]
[mixdesign.club/themeforest/hintio/fonts/Montserrat-Light/Montserrat-Light.svg]
[mixdesign.club/themeforest/hintio/fonts/Montserrat-ExtraBold/Montserrat-ExtraBold.svg]
[mixdesign.club/themeforest/hintio/fonts/Montserrat-Regular/Montserrat-Regular.svg]
[mixdesign.club/themeforest/hintio/fonts/Montserrat-Medium/Montserrat-Medium.svg]
[mixdesign.club/themeforest/hintio/fonts/Montserrat-SemiBold/Montserrat-SemiBold.svg]
[mixdesign.club/themeforest/hintio/fonts/Montserrat-Bold/Montserrat-Bold.svg]
[mixdesign.club/themeforest/hintio/fonts/Montserrat-ExtraBold/Montserrat-ExtraBold.svg]
[mixdesign.club/themeforest/hintio/img/icons/custom-arrow-right.svg]
